[2026-05-07T07:22:12.273Z] GET https://www.linkedin.com/search/results/content/?keywords=test → 307 (848ms, ?B)
[2026-05-07T07:22:13.122Z] GET https://www.linkedin.com/uas/login?session_redirect=%2Fsearch%2Fresults%2Fcontent%2F%3Fkeywords%3Dtest&skipRedirect=true → pending (?ms, ?B)
[2026-05-07T07:22:13.937Z] GET https://static.licdn.com/sc/h/e6e1jvskygw5nij30f2wtfh47 → 200 (253ms, ?B)
[2026-05-07T07:22:13.938Z] GET https://static.licdn.com/sc/h/4h78g875l5a0vy6j0dasqiqvg → 200 (253ms, 19856B)
[2026-05-07T07:22:13.938Z] GET https://static.licdn.com/sc/h/7kposvlmadm04u71pp9u1qzyg → pending (?ms, ?B)
[2026-05-07T07:22:13.938Z] GET https://static.licdn.com/sc/h/apcl04htenvuq33ixp1wem78a → pending (?ms, ?B)
[2026-05-07T07:22:13.938Z] GET https://static.licdn.com/sc/h/3a35l9kbgv25vtfdei1fshfls → pending (?ms, ?B)
[2026-05-07T07:22:13.945Z] GET https://static.licdn.com/sc/h/8ahy1b2t4wgzktjmgwylpfev → pending (?ms, ?B)
[2026-05-07T07:22:13.945Z] GET https://static.licdn.com/sc/h/6tyi5fmjempbsgxrmllczu07t → pending (?ms, ?B)
[2026-05-07T07:22:13.945Z] GET https://static.licdn.com/sc/h/1jsnxp2vq8df2hjvbgi68kub0 → pending (?ms, ?B)
[2026-05-07T07:22:14.605Z] GET https://static.licdn.com/sc/h/cwn0a0e7hog2i33c88ucrvot5 → 200 (6ms, ?B)
[2026-05-07T07:22:15.530Z] GET https://static.licdn.com/sc/h/aofke6z5sqc44bjlvj6yr05c8 → 200 (86ms, ?B)
[2026-05-07T07:22:15.530Z] GET https://static.licdn.com/sc/h/1gpe377m8n1eq73qveizv5onv → 200 (138ms, 38752B)
[2026-05-07T07:22:15.573Z] POST https://www.linkedin.com/checkpoint/pk/initiateLogin → 200 (274ms, 283B)
[2026-05-07T07:22:15.609Z] GET https://www.google.com/recaptcha/enterprise.js?render=6LcIy_MqAAAAAMKiupFSbmzW3xjGSlIfRzNWYMjC → 200 (217ms, 1731B)
[2026-05-07T07:22:15.610Z] GET https://li.protechts.net/index.html?ts=1778138535105&r_id=&app_id=PXdOjV695v&uc=scraping&d_id=ad9c909d2a1a11670cbef7d79f0a95ce069547447ae5c777ef4604f401e16e44 → 200 (188ms, 1076B)
[2026-05-07T07:22:15.612Z] POST https://www.linkedin.com/li/track → 200 (514ms, ?B)
[2026-05-07T07:22:15.613Z] POST https://www.linkedin.com/li/track → 200 (512ms, ?B)
[2026-05-07T07:22:15.613Z] POST https://www.linkedin.com/li/track → 200 (461ms, ?B)
[2026-05-07T07:22:15.613Z] POST https://www.linkedin.com/li/track → 200 (460ms, ?B)
[2026-05-07T07:22:15.621Z] HEAD https://static.licdn.com/sc/h/aofke6z5sqc44bjlvj6yr05c8 → 200 (16ms, 224639B)
[2026-05-07T07:22:15.621Z] GET https://accounts.google.com/gsi/button?logo_alignment=center&shape=pill&size=large&text=continue_with&theme=undefined&type=undefined&width=302&client_id=990339570472-k6nqn1tpmitg8pui82bfaun3jrpmiuhs.apps.googleusercontent.com&iframe_id=gsi_535205_158676&as=xzBqEysaZ9pIiOsYgnx%2BMQ&hl=en_US → 200 (283ms, 197319B)
[2026-05-07T07:22:15.637Z] GET https://accounts.google.com/gsi/status?client_id=990339570472-k6nqn1tpmitg8pui82bfaun3jrpmiuhs.apps.googleusercontent.com&as=xzBqEysaZ9pIiOsYgnx%2BMQ&has_opted_out_fedcm=true → 200 (208ms, 72B)
[2026-05-07T07:22:15.777Z] POST https://www.linkedin.com/li/track → 200 (73ms, ?B)
[2026-05-07T07:22:15.798Z] GET https://client.protechts.net/PXdOjV695v/main.min.js → 200 (107ms, 227094B)
[2026-05-07T07:22:15.799Z] POST https://www.linkedin.com/apfc/collect → 200 (299ms, ?B)
[2026-05-07T07:22:15.801Z] POST https://www.linkedin.com/li/track → 200 (48ms, ?B)
[2026-05-07T07:22:15.827Z] GET https://www.gstatic.com/recaptcha/releases/dNfi_jsbkQb4Hbw7F1b82Uia/recaptcha__en.js → pending (?ms, ?B)
[2026-05-07T07:22:15.901Z] POST https://www.linkedin.com/li/track → 200 (68ms, ?B)
[2026-05-07T07:22:15.967Z] GET https://tzm.protechts.net/ns?c=7937bb30-49e5-11f1-88e0-e79f4388ed45 → pending (?ms, ?B)
[2026-05-07T07:22:15.969Z] POST https://collector-pxdojv695v.protechts.net/api/v2/msft → pending (?ms, ?B)
[2026-05-07T07:22:16.167Z] GET https://www.linkedin.com/litms/api/metadata/user → pending (?ms, ?B)
[2026-05-07T07:22:16.168Z] GET https://platform.linkedin.com/litms/utag/checkpoint-frontend/utag.js?cb=1778138400000 → 200 (73ms, ?B)
[2026-05-07T07:22:16.169Z] GET https://fonts.gstatic.com/s/googlesans/v62/4UaRrENHsxJlGDuGo1OIlJfC6l_24rlCK1Yo_Iq2vgCIhM907w.woff2 → pending (?ms, ?B)
[2026-05-07T07:22:16.758Z] POST https://www.linkedin.com/litms/api/events/ext-tag-load → 200 (49ms, ?B)
[2026-05-07T07:22:16.758Z] GET https://dpm.demdex.net/id?d_visid_ver=5.1.1&d_fieldgroup=MC&d_rtbd=json&d_ver=2&d_orgid=14215E3D5995C57C0A495C55%40AdobeOrg&d_nsid=0&ts=1778138536367 → 200 (22ms, 624B)
[2026-05-07T07:22:16.760Z] POST https://www.linkedin.com/litms/api/events/tms-load → 200 (74ms, ?B)
[2026-05-07T07:22:16.778Z] POST https://www.linkedin.com/li/track → 200 (72ms, ?B)
[2026-05-07T07:22:16.782Z] GET https://lnkd.demdex.net/dest5.html?d_nsid=0 → 200 (102ms, 6983B)
[2026-05-07T07:22:16.782Z] POST https://lnkd.demdex.net/event?d_dil_ver=9.4&_ts=1778138536371 → 200 (105ms, 529B)
[2026-05-07T07:22:16.888Z] GET https://cm.g.doubleclick.net/pixel?google_nid=adobe_dmp&google_cm&gdpr=0&gdpr_consent=&google_hm=MzI0MDI0MDMzODk1MTU1NjEyMjQ0MTM5MTQ1Njk4MTc1ODAwMzE= → pending (?ms, ?B)
[2026-05-07T07:22:16.982Z] GET https://c.bing.com/c.gif?uid=32402403389515561224413914569817580031&Red3=MSAdobe_pd&gdpr=0&gdpr_consent= → pending (?ms, ?B)
[2026-05-07T07:22:17.191Z] POST https://collector-pxdojv695v.protechts.net/api/v2/msft → pending (?ms, ?B)
[2026-05-07T07:22:18.006Z] GET https://dpm.demdex.net/ibs:dpid=1957&dpuuid=0C9634BC862665CE370623EE87D46457 → 200 (17ms, 42B)
[2026-05-07T07:22:18.556Z] GET https://cm.g.doubleclick.net/pixel?google_nid=adobe_dmp&google_cm=&gdpr=0&gdpr_consent=&google_hm=MzI0MDI0MDMzODk1MTU1NjEyMjQ0MTM5MTQ1Njk4MTc1ODAwMzE=&google_tc= → pending (?ms, ?B)
[2026-05-07T07:22:19.475Z] GET https://www.google.com/recaptcha/enterprise/anchor?ar=1&k=6LcIy_MqAAAAAMKiupFSbmzW3xjGSlIfRzNWYMjC&co=aHR0cHM6Ly93d3cubGlua2VkaW4uY29tOjQ0Mw..&hl=en&v=dNfi_jsbkQb4Hbw7F1b82Uia&size=invisible&anchor-ms=20000&execute-ms=30000&cb=46jjxbqpha99 → 200 (56ms, 54947B)
[2026-05-07T07:22:19.516Z] GET https://dpm.demdex.net/ibs:dpid=771&dpuuid=CAESEKd-nYStE6QCdGPLML7p4bI&google_cver=1?gdpr=0&gdpr_consent= → 200 (20ms, 42B)
[2026-05-07T07:22:19.531Z] GET https://www.gstatic.com/recaptcha/releases/dNfi_jsbkQb4Hbw7F1b82Uia/styles__ltr.css → pending (?ms, ?B)
[2026-05-07T07:22:19.534Z] GET https://www.gstatic.com/recaptcha/releases/dNfi_jsbkQb4Hbw7F1b82Uia/recaptcha__en.js → 200 (3ms, 876004B)
[2026-05-07T07:22:23.288Z] POST https://www.linkedin.com/platform-telemetry/li/apfcDf → 200 (470ms, ?B)
[2026-05-07T07:22:23.291Z] POST https://www.linkedin.com/platform-telemetry/li/apfcDf → 200 (462ms, ?B)
[2026-05-07T07:22:23.309Z] POST https://www.linkedin.com/platform-telemetry/li/apfcDf → 200 (442ms, ?B)
[2026-05-07T07:22:23.310Z] POST https://www.linkedin.com/platform-telemetry/li/apfcDf → 200 (299ms, ?B)
[2026-05-07T07:22:23.312Z] POST https://www.linkedin.com/platform-telemetry/li/apfcDf → 200 (285ms, ?B)
[2026-05-07T07:22:23.315Z] POST https://www.linkedin.com/li/track → 200 (442ms, ?B)
[2026-05-07T07:22:24.581Z] GET https://www.google.com/recaptcha/enterprise/webworker.js?hl=en&v=dNfi_jsbkQb4Hbw7F1b82Uia → 200 (95ms, 102B)
[2026-05-07T07:22:24.587Z] GET https://www.gstatic.com/recaptcha/api2/logo_48.png → 200 (462ms, 2228B)
[2026-05-07T07:22:24.587Z] GET https://fonts.gstatic.com/s/roboto/v48/KFO7CnqEu92Fr1ME7kSn66aGLdTylUAMa3yUBHMdazQ.woff2 → 200 (550ms, ?B)
[2026-05-07T07:22:24.676Z] GET https://www.gstatic.com/recaptcha/releases/dNfi_jsbkQb4Hbw7F1b82Uia/recaptcha__en.js → 200 (183ms, 876004B)
[2026-05-07T07:22:26.076Z] POST https://play.google.com/log?format=json&hasfast=true&authuser=0 → pending (?ms, ?B)
